---
http_interactions:
- request:
    method: get
    uri: http://localhost:3000/api/v1/user_categories?user_id=245
    body:
      encoding: US-ASCII
      string: ''
    headers:
      User-Agent:
      - Faraday v2.7.10
      Accept-Encoding:
      - gzip;q=1.0,deflate;q=0.6,identity;q=0.3
      Accept:
      - "*/*"
  response:
    status:
      code: 200
      message: OK
    headers:
      X-Frame-Options:
      - SAMEORIGIN
      X-Xss-Protection:
      - '0'
      X-Content-Type-Options:
      - nosniff
      X-Download-Options:
      - noopen
      X-Permitted-Cross-Domain-Policies:
      - none
      Referrer-Policy:
      - strict-origin-when-cross-origin
      Content-Type:
      - application/json; charset=utf-8
      Vary:
      - Accept
      Etag:
      - W/"c85546ddb064ca2bb349fb139beb22b6"
      Cache-Control:
      - max-age=0, private, must-revalidate
      X-Request-Id:
      - 835e7ced-177c-4352-8c29-a767a67090c2
      X-Runtime:
      - '0.007722'
      Server-Timing:
      - start_processing.action_controller;dur=0.12, sql.active_record;dur=2.76, instantiation.active_record;dur=0.04,
        process_action.action_controller;dur=3.97
      Transfer-Encoding:
      - chunked
    body:
      encoding: UTF-8
      string: '{"data":[{"id":"1","type":"category","attributes":{"name":"artificial
        intelligence"}},{"id":"4","type":"category","attributes":{"name":"conservation
        energy"}}]}'
  recorded_at: Fri, 04 Aug 2023 14:00:56 GMT
- request:
    method: get
    uri: http://localhost:3000/api/v1/user_states?user_id=245
    body:
      encoding: US-ASCII
      string: ''
    headers:
      User-Agent:
      - Faraday v2.7.10
      Accept-Encoding:
      - gzip;q=1.0,deflate;q=0.6,identity;q=0.3
      Accept:
      - "*/*"
  response:
    status:
      code: 200
      message: OK
    headers:
      X-Frame-Options:
      - SAMEORIGIN
      X-Xss-Protection:
      - '0'
      X-Content-Type-Options:
      - nosniff
      X-Download-Options:
      - noopen
      X-Permitted-Cross-Domain-Policies:
      - none
      Referrer-Policy:
      - strict-origin-when-cross-origin
      Content-Type:
      - application/json; charset=utf-8
      Vary:
      - Accept
      Etag:
      - W/"39a3aa958d90e136d703bc1878c53fe3"
      Cache-Control:
      - max-age=0, private, must-revalidate
      X-Request-Id:
      - c7e7ee83-74ee-474f-96b0-38cb92364d3b
      X-Runtime:
      - '0.005081'
      Server-Timing:
      - start_processing.action_controller;dur=0.06, sql.active_record;dur=0.92, instantiation.active_record;dur=0.03,
        process_action.action_controller;dur=1.92
      Transfer-Encoding:
      - chunked
    body:
      encoding: UTF-8
      string: '{"data":[{"id":"9","type":"state","attributes":{"state_abbr":"FL","state_name":"Florida"}}]}'
  recorded_at: Fri, 04 Aug 2023 14:00:57 GMT
- request:
    method: get
    uri: http://localhost:3000/api/v1/bills?query=artificial%20intelligence%20or%20conservation%20energy&state=FL&user_id=245
    body:
      encoding: US-ASCII
      string: ''
    headers:
      User-Agent:
      - Faraday v2.7.10
      Accept-Encoding:
      - gzip;q=1.0,deflate;q=0.6,identity;q=0.3
      Accept:
      - "*/*"
  response:
    status:
      code: 200
      message: OK
    headers:
      X-Frame-Options:
      - SAMEORIGIN
      X-Xss-Protection:
      - '0'
      X-Content-Type-Options:
      - nosniff
      X-Download-Options:
      - noopen
      X-Permitted-Cross-Domain-Policies:
      - none
      Referrer-Policy:
      - strict-origin-when-cross-origin
      Content-Type:
      - application/json; charset=utf-8
      Vary:
      - Accept
      Etag:
      - W/"cf885f46365d2034fb44461b6cceb6c1"
      Cache-Control:
      - max-age=0, private, must-revalidate
      X-Request-Id:
      - f4646bbb-0e8e-4468-84be-b29ebdd2962c
      X-Runtime:
      - '0.214244'
      Server-Timing:
      - start_processing.action_controller;dur=0.07, cache_read.active_support;dur=0.01,
        cache_generate.active_support;dur=176.82, cache_write.active_support;dur=0.37,
        sql.active_record;dur=19.40, instantiation.active_record;dur=0.67, process_action.action_controller;dur=211.01
      Transfer-Encoding:
      - chunked
    body:
      encoding: UTF-8
      string: '{"data":[{"id":"0","type":"bill","attributes":{"state":"FL","bill_number":"S2500","bill_id":1746175,"text_url":"https://legiscan.com/FL/text/S2500/2023","last_action_date":"2023-06-16","last_action":"Chapter
        No. 2023-239, companion bill(s) passed, see CS/CS/HB 1285 (Ch. 2023-167),
        HB 5101 (Ch. 2023-245), HB 5303 (Ch. 2023-246), SB 2502 (Ch. 2023-240), SB
        2504 (Ch. 2023-241), SB 2506 (Ch. 2023-242), SB 2510 (Ch. 2023-243), SB 7018
        (Ch. 2023-244), CS/SB 7024 (Ch. 2023-193), SB 7030 (Ch. 2023-265)","title":"Appropriations","status":null,"description":null,"sponsors":null,"texts":null}},{"id":"1","type":"bill","attributes":{"state":"FL","bill_number":"H5001","bill_id":1749049,"text_url":"https://legiscan.com/FL/text/H5001/2023","last_action_date":"2023-04-04","last_action":"Laid
        on Table; companion bill(s) passed, see SB 2500 (Ch. 2023-239), CS/CS/HB 1285
        (Ch. 2023-167), HB 5101 (Ch. 2023-245), HB 5303 (Ch. 2023-246), SB 2502 (Ch.
        2023-240), SB 2504 (Ch. 2023-241), SB 2506 (Ch. 2023-242), SB 2510 (Ch. 2023-243),
        SB 7018 (Ch. 2023-244), SB 7024 (Ch. 2023-193), SB 7030 (Ch. 2023-265)","title":"General
        Appropriations Act","status":null,"description":null,"sponsors":null,"texts":null}},{"id":"2","type":"bill","attributes":{"state":"FL","bill_number":"H8039","bill_id":1754732,"text_url":"https://legiscan.com/FL/text/H8039/2023","last_action_date":"2023-04-12","last_action":"Adopted
        by Publication","title":"Gator Day","status":null,"description":null,"sponsors":null,"texts":null}},{"id":"3","type":"bill","attributes":{"state":"FL","bill_number":"H0999","bill_id":1716623,"text_url":"https://legiscan.com/FL/text/H0999/2023","last_action_date":"2023-05-02","last_action":"Laid
        on Table; companion bill(s) passed, see CS/HB 1035 (Ch. 2023-38), CS/CS/CS/SB
        266 (Ch. 2023-82)","title":"Postsecondary Educational Institutions","status":null,"description":null,"sponsors":null,"texts":null}},{"id":"4","type":"bill","attributes":{"state":"FL","bill_number":"S0266","bill_id":1723029,"text_url":"https://legiscan.com/FL/text/S0266/2023","last_action_date":"2023-05-16","last_action":"Chapter
        No. 2023-82, companion bill(s) passed, see CS/HB 1035 (Ch. 2023-38)","title":"Higher
        Education","status":null,"description":null,"sponsors":null,"texts":null}},{"id":"5","type":"bill","attributes":{"state":"FL","bill_number":"S1730","bill_id":1749221,"text_url":"https://legiscan.com/FL/text/S1730/2023","last_action_date":"2023-04-12","last_action":"Adopted,
        companion bill(s) passed, see HR 8039 (Adopted)","title":"Gator Day","status":null,"description":null,"sponsors":null,"texts":null}},{"id":"6","type":"bill","attributes":{"state":"FL","bill_number":"S1740","bill_id":1756757,"text_url":"https://legiscan.com/FL/text/S1740/2023","last_action_date":"2023-04-19","last_action":"Adopted","title":"Keiser
        University Day","status":null,"description":null,"sponsors":null,"texts":null}},{"id":"7","type":"bill","attributes":{"state":"FL","bill_number":"H1259","bill_id":1722774,"text_url":"https://legiscan.com/FL/text/H1259/2023","last_action_date":"2023-05-12","last_action":"Chapter
        No. 2023-69","title":"Education","status":null,"description":null,"sponsors":null,"texts":null}},{"id":"8","type":"bill","attributes":{"state":"FL","bill_number":"H1151","bill_id":1720544,"text_url":"https://legiscan.com/FL/text/H1151/2023","last_action_date":"2023-05-05","last_action":"Died
        in Commerce Committee","title":"Financing Improvements to Real Property","status":null,"description":null,"sponsors":null,"texts":null}},{"id":"9","type":"bill","attributes":{"state":"FL","bill_number":"H0669","bill_id":1700870,"text_url":"https://legiscan.com/FL/text/H0669/2023","last_action_date":"2023-05-05","last_action":"Died
        on Second Reading Calendar","title":"Improvements to Real Property","status":null,"description":null,"sponsors":null,"texts":null}},{"id":"10","type":"bill","attributes":{"state":"FL","bill_number":"S0950","bill_id":1715103,"text_url":"https://legiscan.com/FL/text/S0950/2023","last_action_date":"2023-05-05","last_action":"Died
        on Second Reading Calendar","title":"Improvements to Real Property","status":null,"description":null,"sponsors":null,"texts":null}},{"id":"11","type":"bill","attributes":{"state":"FL","bill_number":"H0235","bill_id":1665056,"text_url":"https://legiscan.com/FL/text/H0235/2023","last_action_date":"2023-05-05","last_action":"Died
        in Commerce Committee","title":"Alternative Mobility Funding Systems","status":null,"description":null,"sponsors":null,"texts":null}},{"id":"12","type":"bill","attributes":{"state":"FL","bill_number":"S0810","bill_id":1708343,"text_url":"https://legiscan.com/FL/text/S0810/2023","last_action_date":"2023-05-05","last_action":"Died
        in Community Affairs","title":"Financing Improvements to Real Property","status":null,"description":null,"sponsors":null,"texts":null}},{"id":"13","type":"bill","attributes":{"state":"FL","bill_number":"H0885","bill_id":1710576,"text_url":"https://legiscan.com/FL/text/H0885/2023","last_action_date":"2023-05-05","last_action":"Died
        in Ways \u0026 Means Committee","title":"Authorized Use of Discretionary Sales
        Surtaxes","status":null,"description":null,"sponsors":null,"texts":null}},{"id":"14","type":"bill","attributes":{"state":"FL","bill_number":"S0882","bill_id":1710966,"text_url":"https://legiscan.com/FL/text/S0882/2023","last_action_date":"2023-05-05","last_action":"Died
        in Community Affairs","title":"Local Government Infrastructure Surtax","status":null,"description":null,"sponsors":null,"texts":null}},{"id":"15","type":"bill","attributes":{"state":"FL","bill_number":"H0439","bill_id":1677209,"text_url":"https://legiscan.com/FL/text/H0439/2023","last_action_date":"2023-05-02","last_action":"Laid
        on Table; companion bill(s) passed, see CS/CS/SB 1604 (Ch. 2023-31)","title":"Land
        Use and Development Regulations","status":null,"description":null,"sponsors":null,"texts":null}},{"id":"16","type":"bill","attributes":{"state":"FL","bill_number":"S0350","bill_id":1677234,"text_url":"https://legiscan.com/FL/text/S0350/2023","last_action_date":"2023-05-05","last_action":"Died
        in Community Affairs","title":"Alternative Mobility Funding Systems","status":null,"description":null,"sponsors":null,"texts":null}},{"id":"17","type":"bill","attributes":{"state":"FL","bill_number":"S1666","bill_id":1726862,"text_url":"https://legiscan.com/FL/text/S1666/2023","last_action_date":"2023-05-05","last_action":"Died
        in Military and Veterans Affairs, Space, and Domestic Security","title":"Marine
        Encroachment on Spaceflight and Military Operations","status":null,"description":null,"sponsors":null,"texts":null}},{"id":"18","type":"bill","attributes":{"state":"FL","bill_number":"H1491","bill_id":1727553,"text_url":"https://legiscan.com/FL/text/H1491/2023","last_action_date":"2023-05-05","last_action":"Died
        in Local Administration, Federal Affairs \u0026 Special Districts Subcommittee","title":"Marine
        Encroachment on Spaceflight and Military Operations","status":null,"description":null,"sponsors":null,"texts":null}},{"id":"19","type":"bill","attributes":{"state":"FL","bill_number":"H0005","bill_id":1728157,"text_url":"https://legiscan.com/FL/text/H0005/2023","last_action_date":"2023-06-01","last_action":"Chapter
        No. 2023-173; companion bill(s) passed, see HB 5303 (Ch. 2023-246), CS/HB
        7041 (Ch. 2023-200)","title":"Economic Programs","status":null,"description":null,"sponsors":null,"texts":null}},{"id":"20","type":"bill","attributes":{"state":"FL","bill_number":"S1664","bill_id":1726991,"text_url":"https://legiscan.com/FL/text/S1664/2023","last_action_date":"2023-05-03","last_action":"Laid
        on Table, companion bill(s) passed, see CS/CS/HB 5 (Ch. 2023-173), HB 5303
        (Ch. 2023-246), CS/HB 7041 (Ch. 2023-200), CS/SB 106 (Ch. 2023-20)","title":"Economic
        Programs","status":null,"description":null,"sponsors":null,"texts":null}},{"id":"21","type":"bill","attributes":{"state":"FL","bill_number":"S1632","bill_id":1726776,"text_url":"https://legiscan.com/FL/text/S1632/2023","last_action_date":"2023-05-02","last_action":"Laid
        on Table, companion bill(s) passed, see CS/CS/HB 1379 (Ch. 2023-169), CS/CS/HB
        1279 (Ch. 2023-154)","title":"Environmental Protection","status":null,"description":null,"sponsors":null,"texts":null}},{"id":"22","type":"bill","attributes":{"state":"FL","bill_number":"S1604","bill_id":1726644,"text_url":"https://legiscan.com/FL/text/S1604/2023","last_action_date":"2023-05-08","last_action":"Chapter
        No. 2023-31","title":"Land Use and Development Regulations","status":null,"description":null,"sponsors":null,"texts":null}},{"id":"23","type":"bill","attributes":{"state":"FL","bill_number":"H1379","bill_id":1725863,"text_url":"https://legiscan.com/FL/text/H1379/2023","last_action_date":"2023-06-01","last_action":"Chapter
        No. 2023-169","title":"Environmental Protection","status":null,"description":null,"sponsors":null,"texts":null}},{"id":"24","type":"bill","attributes":{"state":"FL","bill_number":"H1611","bill_id":1728704,"text_url":"https://legiscan.com/FL/text/H1611/2023","last_action_date":"2023-07-07","last_action":"Chapter
        No. 2023-346","title":"City of Bartow, Polk County","status":null,"description":null,"sponsors":null,"texts":null}},{"id":"25","type":"bill","attributes":{"state":"FL","bill_number":"S0122","bill_id":1642921,"text_url":"https://legiscan.com/FL/text/S0122/2023","last_action_date":"2023-05-05","last_action":"Died
        in Finance and Tax","title":"Revised Limitation on Increases of Homestead
        Property Tax Assessments","status":null,"description":null,"sponsors":null,"texts":null}},{"id":"26","type":"bill","attributes":{"state":"FL","bill_number":"H1209","bill_id":1721434,"text_url":"https://legiscan.com/FL/text/H1209/2023","last_action_date":"2023-06-07","last_action":"Chapter
        No. 2023-202","title":"Rural Development","status":null,"description":null,"sponsors":null,"texts":null}},{"id":"27","type":"bill","attributes":{"state":"FL","bill_number":"S0032","bill_id":1701440,"text_url":"https://legiscan.com/FL/text/S0032/2023","last_action_date":"2023-03-27","last_action":"Chapter
        No. 2023-8","title":"Florida Statutes","status":null,"description":null,"sponsors":null,"texts":null}},{"id":"28","type":"bill","attributes":{"state":"FL","bill_number":"H1175","bill_id":1721105,"text_url":"https://legiscan.com/FL/text/H1175/2023","last_action_date":"2023-07-07","last_action":"Chapter
        No. 2023-337","title":"Sarasota County","status":null,"description":null,"sponsors":null,"texts":null}},{"id":"29","type":"bill","attributes":{"state":"FL","bill_number":"H1083","bill_id":1719625,"text_url":"https://legiscan.com/FL/text/H1083/2023","last_action_date":"2023-07-07","last_action":"Chapter
        No. 2023-335","title":"Manatee County","status":null,"description":null,"sponsors":null,"texts":null}},{"id":"30","type":"bill","attributes":{"state":"FL","bill_number":"H7011","bill_id":1719409,"text_url":"https://legiscan.com/FL/text/H7011/2023","last_action_date":"2023-03-16","last_action":"Laid
        on Table; companion bill(s) passed, see SB 32 (Ch. 2023-8)","title":"Florida
        Statutes","status":null,"description":null,"sponsors":null,"texts":null}},{"id":"31","type":"bill","attributes":{"state":"FL","bill_number":"H0425","bill_id":1677330,"text_url":"https://legiscan.com/FL/text/H0425/2023","last_action_date":"2023-06-06","last_action":"Chapter
        No. 2023-197; companion bill(s) passed, see CS/CS/CS/HB 1305 (Ch. 2023-70)","title":"Transportation","status":null,"description":null,"sponsors":null,"texts":null}},{"id":"32","type":"bill","attributes":{"state":"FL","bill_number":"H0009","bill_id":1696141,"text_url":"https://legiscan.com/FL/text/H0009/2023/X2","last_action_date":"2023-03-16","last_action":"Chapter
        No. 2023-5","title":"Reedy Creek Improvement District, Orange and Osceola
        Counties","status":null,"description":null,"sponsors":null,"texts":null}},{"id":"33","type":"bill","attributes":{"state":"FL","bill_number":"S0064","bill_id":1638337,"text_url":"https://legiscan.com/FL/text/S0064/2023","last_action_date":"2023-05-03","last_action":"Laid
        on Table, companion bill(s) passed, see CS/CS/CS/HB 425 (Ch. 2023-197), CS/CS/CS/HB
        1305 (Ch. 2023-70)","title":"Transportation","status":null,"description":null,"sponsors":null,"texts":null}}]}'
  recorded_at: Fri, 04 Aug 2023 14:00:57 GMT
- request:
    method: get
    uri: http://localhost:3000/api/v1/user_categories?user_id=245
    body:
      encoding: US-ASCII
      string: ''
    headers:
      User-Agent:
      - Faraday v2.7.10
      Accept-Encoding:
      - gzip;q=1.0,deflate;q=0.6,identity;q=0.3
      Accept:
      - "*/*"
  response:
    status:
      code: 200
      message: OK
    headers:
      X-Frame-Options:
      - SAMEORIGIN
      X-Xss-Protection:
      - '0'
      X-Content-Type-Options:
      - nosniff
      X-Download-Options:
      - noopen
      X-Permitted-Cross-Domain-Policies:
      - none
      Referrer-Policy:
      - strict-origin-when-cross-origin
      Content-Type:
      - application/json; charset=utf-8
      Vary:
      - Accept
      Etag:
      - W/"c85546ddb064ca2bb349fb139beb22b6"
      Cache-Control:
      - max-age=0, private, must-revalidate
      X-Request-Id:
      - e02b6803-e933-4d0c-ad0e-efdb848c20e0
      X-Runtime:
      - '0.006040'
      Server-Timing:
      - start_processing.action_controller;dur=0.07, sql.active_record;dur=1.33, instantiation.active_record;dur=0.03,
        process_action.action_controller;dur=2.70
      Transfer-Encoding:
      - chunked
    body:
      encoding: UTF-8
      string: '{"data":[{"id":"1","type":"category","attributes":{"name":"artificial
        intelligence"}},{"id":"4","type":"category","attributes":{"name":"conservation
        energy"}}]}'
  recorded_at: Fri, 04 Aug 2023 14:00:57 GMT
- request:
    method: get
    uri: http://localhost:3000/api/v1/user_states?user_id=245
    body:
      encoding: US-ASCII
      string: ''
    headers:
      User-Agent:
      - Faraday v2.7.10
      Accept-Encoding:
      - gzip;q=1.0,deflate;q=0.6,identity;q=0.3
      Accept:
      - "*/*"
  response:
    status:
      code: 200
      message: OK
    headers:
      X-Frame-Options:
      - SAMEORIGIN
      X-Xss-Protection:
      - '0'
      X-Content-Type-Options:
      - nosniff
      X-Download-Options:
      - noopen
      X-Permitted-Cross-Domain-Policies:
      - none
      Referrer-Policy:
      - strict-origin-when-cross-origin
      Content-Type:
      - application/json; charset=utf-8
      Vary:
      - Accept
      Etag:
      - W/"39a3aa958d90e136d703bc1878c53fe3"
      Cache-Control:
      - max-age=0, private, must-revalidate
      X-Request-Id:
      - 60e2a88b-d574-4ebc-a8e4-3461a4b299e9
      X-Runtime:
      - '0.005659'
      Server-Timing:
      - start_processing.action_controller;dur=0.07, sql.active_record;dur=1.06, instantiation.active_record;dur=0.03,
        process_action.action_controller;dur=2.32
      Transfer-Encoding:
      - chunked
    body:
      encoding: UTF-8
      string: '{"data":[{"id":"9","type":"state","attributes":{"state_abbr":"FL","state_name":"Florida"}}]}'
  recorded_at: Fri, 04 Aug 2023 14:00:57 GMT
- request:
    method: get
    uri: http://localhost:3000/api/v1/bills?query=artificial%20intelligence%20or%20conservation%20energy&state=FL&user_id=245
    body:
      encoding: US-ASCII
      string: ''
    headers:
      User-Agent:
      - Faraday v2.7.10
      Accept-Encoding:
      - gzip;q=1.0,deflate;q=0.6,identity;q=0.3
      Accept:
      - "*/*"
  response:
    status:
      code: 200
      message: OK
    headers:
      X-Frame-Options:
      - SAMEORIGIN
      X-Xss-Protection:
      - '0'
      X-Content-Type-Options:
      - nosniff
      X-Download-Options:
      - noopen
      X-Permitted-Cross-Domain-Policies:
      - none
      Referrer-Policy:
      - strict-origin-when-cross-origin
      Content-Type:
      - application/json; charset=utf-8
      Vary:
      - Accept
      Etag:
      - W/"cf885f46365d2034fb44461b6cceb6c1"
      Cache-Control:
      - max-age=0, private, must-revalidate
      X-Request-Id:
      - 3ef5bf6c-2140-4dc0-ab75-24205d8c5877
      X-Runtime:
      - '0.227475'
      Server-Timing:
      - start_processing.action_controller;dur=0.06, cache_read.active_support;dur=0.01,
        cache_generate.active_support;dur=193.23, cache_write.active_support;dur=0.40,
        sql.active_record;dur=19.12, instantiation.active_record;dur=0.66, process_action.action_controller;dur=224.36
      Transfer-Encoding:
      - chunked
    body:
      encoding: UTF-8
      string: '{"data":[{"id":"0","type":"bill","attributes":{"state":"FL","bill_number":"S2500","bill_id":1746175,"text_url":"https://legiscan.com/FL/text/S2500/2023","last_action_date":"2023-06-16","last_action":"Chapter
        No. 2023-239, companion bill(s) passed, see CS/CS/HB 1285 (Ch. 2023-167),
        HB 5101 (Ch. 2023-245), HB 5303 (Ch. 2023-246), SB 2502 (Ch. 2023-240), SB
        2504 (Ch. 2023-241), SB 2506 (Ch. 2023-242), SB 2510 (Ch. 2023-243), SB 7018
        (Ch. 2023-244), CS/SB 7024 (Ch. 2023-193), SB 7030 (Ch. 2023-265)","title":"Appropriations","status":null,"description":null,"sponsors":null,"texts":null}},{"id":"1","type":"bill","attributes":{"state":"FL","bill_number":"H5001","bill_id":1749049,"text_url":"https://legiscan.com/FL/text/H5001/2023","last_action_date":"2023-04-04","last_action":"Laid
        on Table; companion bill(s) passed, see SB 2500 (Ch. 2023-239), CS/CS/HB 1285
        (Ch. 2023-167), HB 5101 (Ch. 2023-245), HB 5303 (Ch. 2023-246), SB 2502 (Ch.
        2023-240), SB 2504 (Ch. 2023-241), SB 2506 (Ch. 2023-242), SB 2510 (Ch. 2023-243),
        SB 7018 (Ch. 2023-244), SB 7024 (Ch. 2023-193), SB 7030 (Ch. 2023-265)","title":"General
        Appropriations Act","status":null,"description":null,"sponsors":null,"texts":null}},{"id":"2","type":"bill","attributes":{"state":"FL","bill_number":"H8039","bill_id":1754732,"text_url":"https://legiscan.com/FL/text/H8039/2023","last_action_date":"2023-04-12","last_action":"Adopted
        by Publication","title":"Gator Day","status":null,"description":null,"sponsors":null,"texts":null}},{"id":"3","type":"bill","attributes":{"state":"FL","bill_number":"H0999","bill_id":1716623,"text_url":"https://legiscan.com/FL/text/H0999/2023","last_action_date":"2023-05-02","last_action":"Laid
        on Table; companion bill(s) passed, see CS/HB 1035 (Ch. 2023-38), CS/CS/CS/SB
        266 (Ch. 2023-82)","title":"Postsecondary Educational Institutions","status":null,"description":null,"sponsors":null,"texts":null}},{"id":"4","type":"bill","attributes":{"state":"FL","bill_number":"S0266","bill_id":1723029,"text_url":"https://legiscan.com/FL/text/S0266/2023","last_action_date":"2023-05-16","last_action":"Chapter
        No. 2023-82, companion bill(s) passed, see CS/HB 1035 (Ch. 2023-38)","title":"Higher
        Education","status":null,"description":null,"sponsors":null,"texts":null}},{"id":"5","type":"bill","attributes":{"state":"FL","bill_number":"S1730","bill_id":1749221,"text_url":"https://legiscan.com/FL/text/S1730/2023","last_action_date":"2023-04-12","last_action":"Adopted,
        companion bill(s) passed, see HR 8039 (Adopted)","title":"Gator Day","status":null,"description":null,"sponsors":null,"texts":null}},{"id":"6","type":"bill","attributes":{"state":"FL","bill_number":"S1740","bill_id":1756757,"text_url":"https://legiscan.com/FL/text/S1740/2023","last_action_date":"2023-04-19","last_action":"Adopted","title":"Keiser
        University Day","status":null,"description":null,"sponsors":null,"texts":null}},{"id":"7","type":"bill","attributes":{"state":"FL","bill_number":"H1259","bill_id":1722774,"text_url":"https://legiscan.com/FL/text/H1259/2023","last_action_date":"2023-05-12","last_action":"Chapter
        No. 2023-69","title":"Education","status":null,"description":null,"sponsors":null,"texts":null}},{"id":"8","type":"bill","attributes":{"state":"FL","bill_number":"H1151","bill_id":1720544,"text_url":"https://legiscan.com/FL/text/H1151/2023","last_action_date":"2023-05-05","last_action":"Died
        in Commerce Committee","title":"Financing Improvements to Real Property","status":null,"description":null,"sponsors":null,"texts":null}},{"id":"9","type":"bill","attributes":{"state":"FL","bill_number":"H0669","bill_id":1700870,"text_url":"https://legiscan.com/FL/text/H0669/2023","last_action_date":"2023-05-05","last_action":"Died
        on Second Reading Calendar","title":"Improvements to Real Property","status":null,"description":null,"sponsors":null,"texts":null}},{"id":"10","type":"bill","attributes":{"state":"FL","bill_number":"S0950","bill_id":1715103,"text_url":"https://legiscan.com/FL/text/S0950/2023","last_action_date":"2023-05-05","last_action":"Died
        on Second Reading Calendar","title":"Improvements to Real Property","status":null,"description":null,"sponsors":null,"texts":null}},{"id":"11","type":"bill","attributes":{"state":"FL","bill_number":"H0235","bill_id":1665056,"text_url":"https://legiscan.com/FL/text/H0235/2023","last_action_date":"2023-05-05","last_action":"Died
        in Commerce Committee","title":"Alternative Mobility Funding Systems","status":null,"description":null,"sponsors":null,"texts":null}},{"id":"12","type":"bill","attributes":{"state":"FL","bill_number":"S0810","bill_id":1708343,"text_url":"https://legiscan.com/FL/text/S0810/2023","last_action_date":"2023-05-05","last_action":"Died
        in Community Affairs","title":"Financing Improvements to Real Property","status":null,"description":null,"sponsors":null,"texts":null}},{"id":"13","type":"bill","attributes":{"state":"FL","bill_number":"H0885","bill_id":1710576,"text_url":"https://legiscan.com/FL/text/H0885/2023","last_action_date":"2023-05-05","last_action":"Died
        in Ways \u0026 Means Committee","title":"Authorized Use of Discretionary Sales
        Surtaxes","status":null,"description":null,"sponsors":null,"texts":null}},{"id":"14","type":"bill","attributes":{"state":"FL","bill_number":"S0882","bill_id":1710966,"text_url":"https://legiscan.com/FL/text/S0882/2023","last_action_date":"2023-05-05","last_action":"Died
        in Community Affairs","title":"Local Government Infrastructure Surtax","status":null,"description":null,"sponsors":null,"texts":null}},{"id":"15","type":"bill","attributes":{"state":"FL","bill_number":"H0439","bill_id":1677209,"text_url":"https://legiscan.com/FL/text/H0439/2023","last_action_date":"2023-05-02","last_action":"Laid
        on Table; companion bill(s) passed, see CS/CS/SB 1604 (Ch. 2023-31)","title":"Land
        Use and Development Regulations","status":null,"description":null,"sponsors":null,"texts":null}},{"id":"16","type":"bill","attributes":{"state":"FL","bill_number":"S0350","bill_id":1677234,"text_url":"https://legiscan.com/FL/text/S0350/2023","last_action_date":"2023-05-05","last_action":"Died
        in Community Affairs","title":"Alternative Mobility Funding Systems","status":null,"description":null,"sponsors":null,"texts":null}},{"id":"17","type":"bill","attributes":{"state":"FL","bill_number":"S1666","bill_id":1726862,"text_url":"https://legiscan.com/FL/text/S1666/2023","last_action_date":"2023-05-05","last_action":"Died
        in Military and Veterans Affairs, Space, and Domestic Security","title":"Marine
        Encroachment on Spaceflight and Military Operations","status":null,"description":null,"sponsors":null,"texts":null}},{"id":"18","type":"bill","attributes":{"state":"FL","bill_number":"H1491","bill_id":1727553,"text_url":"https://legiscan.com/FL/text/H1491/2023","last_action_date":"2023-05-05","last_action":"Died
        in Local Administration, Federal Affairs \u0026 Special Districts Subcommittee","title":"Marine
        Encroachment on Spaceflight and Military Operations","status":null,"description":null,"sponsors":null,"texts":null}},{"id":"19","type":"bill","attributes":{"state":"FL","bill_number":"H0005","bill_id":1728157,"text_url":"https://legiscan.com/FL/text/H0005/2023","last_action_date":"2023-06-01","last_action":"Chapter
        No. 2023-173; companion bill(s) passed, see HB 5303 (Ch. 2023-246), CS/HB
        7041 (Ch. 2023-200)","title":"Economic Programs","status":null,"description":null,"sponsors":null,"texts":null}},{"id":"20","type":"bill","attributes":{"state":"FL","bill_number":"S1664","bill_id":1726991,"text_url":"https://legiscan.com/FL/text/S1664/2023","last_action_date":"2023-05-03","last_action":"Laid
        on Table, companion bill(s) passed, see CS/CS/HB 5 (Ch. 2023-173), HB 5303
        (Ch. 2023-246), CS/HB 7041 (Ch. 2023-200), CS/SB 106 (Ch. 2023-20)","title":"Economic
        Programs","status":null,"description":null,"sponsors":null,"texts":null}},{"id":"21","type":"bill","attributes":{"state":"FL","bill_number":"S1632","bill_id":1726776,"text_url":"https://legiscan.com/FL/text/S1632/2023","last_action_date":"2023-05-02","last_action":"Laid
        on Table, companion bill(s) passed, see CS/CS/HB 1379 (Ch. 2023-169), CS/CS/HB
        1279 (Ch. 2023-154)","title":"Environmental Protection","status":null,"description":null,"sponsors":null,"texts":null}},{"id":"22","type":"bill","attributes":{"state":"FL","bill_number":"S1604","bill_id":1726644,"text_url":"https://legiscan.com/FL/text/S1604/2023","last_action_date":"2023-05-08","last_action":"Chapter
        No. 2023-31","title":"Land Use and Development Regulations","status":null,"description":null,"sponsors":null,"texts":null}},{"id":"23","type":"bill","attributes":{"state":"FL","bill_number":"H1379","bill_id":1725863,"text_url":"https://legiscan.com/FL/text/H1379/2023","last_action_date":"2023-06-01","last_action":"Chapter
        No. 2023-169","title":"Environmental Protection","status":null,"description":null,"sponsors":null,"texts":null}},{"id":"24","type":"bill","attributes":{"state":"FL","bill_number":"H1611","bill_id":1728704,"text_url":"https://legiscan.com/FL/text/H1611/2023","last_action_date":"2023-07-07","last_action":"Chapter
        No. 2023-346","title":"City of Bartow, Polk County","status":null,"description":null,"sponsors":null,"texts":null}},{"id":"25","type":"bill","attributes":{"state":"FL","bill_number":"S0122","bill_id":1642921,"text_url":"https://legiscan.com/FL/text/S0122/2023","last_action_date":"2023-05-05","last_action":"Died
        in Finance and Tax","title":"Revised Limitation on Increases of Homestead
        Property Tax Assessments","status":null,"description":null,"sponsors":null,"texts":null}},{"id":"26","type":"bill","attributes":{"state":"FL","bill_number":"H1209","bill_id":1721434,"text_url":"https://legiscan.com/FL/text/H1209/2023","last_action_date":"2023-06-07","last_action":"Chapter
        No. 2023-202","title":"Rural Development","status":null,"description":null,"sponsors":null,"texts":null}},{"id":"27","type":"bill","attributes":{"state":"FL","bill_number":"S0032","bill_id":1701440,"text_url":"https://legiscan.com/FL/text/S0032/2023","last_action_date":"2023-03-27","last_action":"Chapter
        No. 2023-8","title":"Florida Statutes","status":null,"description":null,"sponsors":null,"texts":null}},{"id":"28","type":"bill","attributes":{"state":"FL","bill_number":"H1175","bill_id":1721105,"text_url":"https://legiscan.com/FL/text/H1175/2023","last_action_date":"2023-07-07","last_action":"Chapter
        No. 2023-337","title":"Sarasota County","status":null,"description":null,"sponsors":null,"texts":null}},{"id":"29","type":"bill","attributes":{"state":"FL","bill_number":"H1083","bill_id":1719625,"text_url":"https://legiscan.com/FL/text/H1083/2023","last_action_date":"2023-07-07","last_action":"Chapter
        No. 2023-335","title":"Manatee County","status":null,"description":null,"sponsors":null,"texts":null}},{"id":"30","type":"bill","attributes":{"state":"FL","bill_number":"H7011","bill_id":1719409,"text_url":"https://legiscan.com/FL/text/H7011/2023","last_action_date":"2023-03-16","last_action":"Laid
        on Table; companion bill(s) passed, see SB 32 (Ch. 2023-8)","title":"Florida
        Statutes","status":null,"description":null,"sponsors":null,"texts":null}},{"id":"31","type":"bill","attributes":{"state":"FL","bill_number":"H0425","bill_id":1677330,"text_url":"https://legiscan.com/FL/text/H0425/2023","last_action_date":"2023-06-06","last_action":"Chapter
        No. 2023-197; companion bill(s) passed, see CS/CS/CS/HB 1305 (Ch. 2023-70)","title":"Transportation","status":null,"description":null,"sponsors":null,"texts":null}},{"id":"32","type":"bill","attributes":{"state":"FL","bill_number":"H0009","bill_id":1696141,"text_url":"https://legiscan.com/FL/text/H0009/2023/X2","last_action_date":"2023-03-16","last_action":"Chapter
        No. 2023-5","title":"Reedy Creek Improvement District, Orange and Osceola
        Counties","status":null,"description":null,"sponsors":null,"texts":null}},{"id":"33","type":"bill","attributes":{"state":"FL","bill_number":"S0064","bill_id":1638337,"text_url":"https://legiscan.com/FL/text/S0064/2023","last_action_date":"2023-05-03","last_action":"Laid
        on Table, companion bill(s) passed, see CS/CS/CS/HB 425 (Ch. 2023-197), CS/CS/CS/HB
        1305 (Ch. 2023-70)","title":"Transportation","status":null,"description":null,"sponsors":null,"texts":null}}]}'
  recorded_at: Fri, 04 Aug 2023 14:00:57 GMT
- request:
    method: get
    uri: http://localhost:3000/api/v1/user_bills?user_id=245
    body:
      encoding: US-ASCII
      string: ''
    headers:
      User-Agent:
      - Faraday v2.7.10
      Accept-Encoding:
      - gzip;q=1.0,deflate;q=0.6,identity;q=0.3
      Accept:
      - "*/*"
  response:
    status:
      code: 200
      message: OK
    headers:
      X-Frame-Options:
      - SAMEORIGIN
      X-Xss-Protection:
      - '0'
      X-Content-Type-Options:
      - nosniff
      X-Download-Options:
      - noopen
      X-Permitted-Cross-Domain-Policies:
      - none
      Referrer-Policy:
      - strict-origin-when-cross-origin
      Content-Type:
      - application/json; charset=utf-8
      Vary:
      - Accept
      Etag:
      - W/"8fe32e407a1038ee38753b70e5374b3a"
      Cache-Control:
      - max-age=0, private, must-revalidate
      X-Request-Id:
      - bdfa437f-189e-4e4c-a70d-0e6c376d8b6c
      X-Runtime:
      - '0.004744'
      Server-Timing:
      - start_processing.action_controller;dur=0.06, sql.active_record;dur=0.63, process_action.action_controller;dur=1.46
      Transfer-Encoding:
      - chunked
    body:
      encoding: UTF-8
      string: '{"data":[]}'
  recorded_at: Fri, 04 Aug 2023 14:00:57 GMT
recorded_with: VCR 6.2.0
